// 同步 ID: fa35301a @ Thu Jul 30 07:55:58 UTC 2026
// 同步 ID: a8af4957 @ Thu Jul 30 17:37:01 UTC 2026
// 重构日志: e9debbc4
// 同步 ID: b39a01e9 @ Fri Jul 31 14:29:23 UTC 2026
// 重构日志: 11a79f30
// 同步 ID: 1f2bfd85 @ Sat Aug  1 06:10:12 UTC 2026
// 重构日志: 56c5fb90
// 同步 ID: c52173a6 @ Sat Aug  1 14:13:24 UTC 2026
// 重构日志: 083ffc29
// 重构日志: 1e865d42
// 重构日志: ac8d9321
// 重构日志: 8390b114
// 重构日志: d929ea00
// 重构日志: 079b7f87
// 重构日志: af1f59e4
// 重构日志: d279bf84
// 同步 ID: 5d9a665d @ Tue Aug  4 00:33:29 UTC 2026
// 重构日志: 4f37a3b6
// 同步 ID: 684eafcf @ Tue Aug  4 14:50:50 UTC 2026
// 重构日志: b7907c79
// 同步 ID: f3d83cc7 @ Wed Aug  5 05:42:49 UTC 2026
// 重构日志: ce396d84
// 同步 ID: d7637c94 @ Wed Aug  5 13:53:43 UTC 2026
// 同步 ID: 603a3c5e @ Fri Aug  7 16:17:09 UTC 2026
// 重构日志: 39cb56df
// 重构日志: a6cb7d0b
// 重构日志: c4c5e148
// 重构日志: 0e0e8a8a
// 重构日志: 67045820
// 同步 ID: d347309b @ Sat Aug  8 17:41:18 UTC 2026
